verified 264 recombined
verified 264 partial
verified 264 switched
verified 264 moved_mid
verified 264 unrelated
verified 265 recombined
verified 265 partial
verified 265 switched
verified 265 moved_mid
verified 265 unrelated
verified 266 recombined
verified 266 partial
verified 266 switched
verified 266 moved_mid
verified 266 unrelated
verified 267 recombined
verified 267 partial
verified 267 switched
verified 267 moved_mid
verified 267 unrelated
verified 268 recombined
verified 268 partial
verified 268 switched
verified 268 moved_mid
verified 268 unrelated
verified 269 recombined
verified 269 partial
verified 269 switched
verified 269 moved_mid
verified 269 unrelated
verified 270 recombined
verified 270 partial
verified 270 switched
verified 270 moved_mid
verified 270 unrelated
verified 271 recombined
verified 271 partial
verified 271 switched
verified 271 moved_mid
verified 271 unrelated
{"conditions": {"T1": true, "T2": false, "T3": false, "T4": false, "T5": true}, "forecasts_checked": 3276800, "material_pass": false, "max_error": 1.0982148523908108e-10, "source_counts_checked": 2688, "verification_pass": true}
