verified 304 recombined
verified 304 partial
verified 304 switched
verified 304 moved_mid
verified 304 unrelated
verified 305 recombined
verified 305 partial
verified 305 switched
verified 305 moved_mid
verified 305 unrelated
verified 306 recombined
verified 306 partial
verified 306 switched
verified 306 moved_mid
verified 306 unrelated
verified 307 recombined
verified 307 partial
verified 307 switched
verified 307 moved_mid
verified 307 unrelated
verified 308 recombined
verified 308 partial
verified 308 switched
verified 308 moved_mid
verified 308 unrelated
verified 309 recombined
verified 309 partial
verified 309 switched
verified 309 moved_mid
verified 309 unrelated
verified 310 recombined
verified 310 partial
verified 310 switched
verified 310 moved_mid
verified 310 unrelated
verified 311 recombined
verified 311 partial
verified 311 switched
verified 311 moved_mid
verified 311 unrelated
{"conditions": {"G1": true, "G2": true, "G3": true, "G4": false, "G5": true}, "forecasts_checked": 3276800, "gate_pass": false, "material_pass": false, "max_error": 3.3651303965598345e-11, "source_counts_checked": 6720, "verification_pass": true}
