{
  "conditions": {
    "F1": false,
    "F2": true,
    "F3": true,
    "F4": false
  },
  "gate_pass": false,
  "material_pass": false,
  "tables": {
    "moved_mid": {
      "balanced": {
        "early": 324.9933771799174,
        "gain": 1221.5597541173315,
        "tail": 517.5872111954832
      },
      "cold": {
        "early": 0.0,
        "gain": 0.0,
        "tail": 0.0
      },
      "factored": {
        "early": 411.1664517770602,
        "gain": 1515.0629817300269,
        "tail": 616.9634547080825
      },
      "flat3": {
        "early": 410.7740010209932,
        "gain": 1513.9507900720641,
        "tail": 616.4588352526796
      },
      "permuted": {
        "early": 24.179232560859298,
        "gain": 112.95447543841402,
        "tail": 53.46952952790874
      },
      "pooled": {
        "early": 417.76989829799015,
        "gain": 1538.6085061680262,
        "tail": 635.9369639249718
      }
    },
    "partial": {
      "balanced": {
        "early": 324.9933771799174,
        "gain": 1171.653630607783,
        "tail": 467.6810876859347
      },
      "cold": {
        "early": 0.0,
        "gain": 0.0,
        "tail": 0.0
      },
      "factored": {
        "early": 411.1664517770602,
        "gain": 1375.474156559513,
        "tail": 477.3746295375685
      },
      "flat3": {
        "early": 410.7740010209932,
        "gain": 1374.1239420986647,
        "tail": 476.6319872792799
      },
      "permuted": {
        "early": 24.179232560859298,
        "gain": 115.33335265430054,
        "tail": 55.84840674379525
      },
      "pooled": {
        "early": 417.76989829799015,
        "gain": 1430.3493923276653,
        "tail": 527.6778500846109
      }
    },
    "recombined": {
      "balanced": {
        "early": 324.9933771799174,
        "gain": 1494.3029320733415,
        "tail": 790.3303891514931
      },
      "cold": {
        "early": 0.0,
        "gain": 0.0,
        "tail": 0.0
      },
      "factored": {
        "early": 411.1664517770602,
        "gain": 1896.2553415833222,
        "tail": 998.155814561378
      },
      "flat3": {
        "early": 410.7740010209932,
        "gain": 1895.4094920042867,
        "tail": 997.917537184902
      },
      "permuted": {
        "early": 24.179232560859298,
        "gain": 152.03887429807727,
        "tail": 92.55392838757199
      },
      "pooled": {
        "early": 417.76989829799015,
        "gain": 1913.0091096173355,
        "tail": 1010.3375673742812
      }
    },
    "switched": {
      "balanced": {
        "early": 324.9933771799174,
        "gain": 1013.6863603858818,
        "tail": 309.7138174640334
      },
      "cold": {
        "early": 0.0,
        "gain": 0.0,
        "tail": 0.0
      },
      "factored": {
        "early": 411.1664517770602,
        "gain": 1192.5255106568209,
        "tail": 294.4259836348766
      },
      "flat3": {
        "early": 410.7740010209932,
        "gain": 1192.097469255646,
        "tail": 294.6055144362613
      },
      "permuted": {
        "early": 24.179232560859298,
        "gain": 58.19835440649427,
        "tail": -1.2865915040110207
      },
      "pooled": {
        "early": 417.76989829799015,
        "gain": 1177.8118740485213,
        "tail": 275.1403318054669
      }
    },
    "unrelated": {
      "balanced": {
        "early": 76.95389070875835,
        "gain": 139.95487634288645,
        "tail": 35.22693940643858
      },
      "cold": {
        "early": 0.0,
        "gain": 0.0,
        "tail": 0.0
      },
      "factored": {
        "early": 76.9706181358097,
        "gain": 136.42467087901002,
        "tail": 37.774103161319054
      },
      "flat3": {
        "early": 76.5299649589154,
        "gain": 135.43524833214803,
        "tail": 37.488899676293784
      },
      "permuted": {
        "early": -0.5411670556624748,
        "gain": -0.7196293338905206,
        "tail": -0.00024379428656626234
      },
      "pooled": {
        "early": 70.81979701198028,
        "gain": 133.13502369710108,
        "tail": 33.22312803379791
      }
    }
  },
  "validity": {
    "archive": true,
    "bounds": true,
    "exact_quotes": true,
    "identical_admissions": true,
    "normalization": true,
    "shared_prefix": true,
    "source_counts": true,
    "unrelated_disclosed": true
  }
}
