verified 288 recombined
verified 288 partial
verified 288 switched
verified 288 moved_mid
verified 288 unrelated
verified 289 recombined
verified 289 partial
verified 289 switched
verified 289 moved_mid
verified 289 unrelated
verified 290 recombined
verified 290 partial
verified 290 switched
verified 290 moved_mid
verified 290 unrelated
verified 291 recombined
verified 291 partial
verified 291 switched
verified 291 moved_mid
verified 291 unrelated
verified 292 recombined
verified 292 partial
verified 292 switched
verified 292 moved_mid
verified 292 unrelated
verified 293 recombined
verified 293 partial
verified 293 switched
verified 293 moved_mid
verified 293 unrelated
verified 294 recombined
verified 294 partial
verified 294 switched
verified 294 moved_mid
verified 294 unrelated
verified 295 recombined
verified 295 partial
verified 295 switched
verified 295 moved_mid
verified 295 unrelated
{"conditions": {"F1": false, "F2": true, "F3": true, "F4": true}, "forecasts_checked": 3932160, "gate_pass": false, "material_pass": false, "max_error": 1.2590817277668975e-11, "source_counts_checked": 2688, "verification_pass": true}
