verified 280 recombined
verified 280 partial
verified 280 switched
verified 280 moved_mid
verified 280 unrelated
verified 281 recombined
verified 281 partial
verified 281 switched
verified 281 moved_mid
verified 281 unrelated
verified 282 recombined
verified 282 partial
verified 282 switched
verified 282 moved_mid
verified 282 unrelated
verified 283 recombined
verified 283 partial
verified 283 switched
verified 283 moved_mid
verified 283 unrelated
verified 284 recombined
verified 284 partial
verified 284 switched
verified 284 moved_mid
verified 284 unrelated
verified 285 recombined
verified 285 partial
verified 285 switched
verified 285 moved_mid
verified 285 unrelated
verified 286 recombined
verified 286 partial
verified 286 switched
verified 286 moved_mid
verified 286 unrelated
verified 287 recombined
verified 287 partial
verified 287 switched
verified 287 moved_mid
verified 287 unrelated
{"conditions": {"D1": false, "D2": true, "D3": false, "D4": true, "D5": true, "D6": true}, "forecasts_checked": 3276800, "gate_pass": false, "material_pass": false, "max_error": 3.392131020518718e-11, "source_counts_checked": 2688, "verification_pass": true}
