verified 256 recombined
verified 256 switched
verified 256 moved_mid
verified 256 unrelated
verified 257 recombined
verified 257 switched
verified 257 moved_mid
verified 257 unrelated
verified 258 recombined
verified 258 switched
verified 258 moved_mid
verified 258 unrelated
verified 259 recombined
verified 259 switched
verified 259 moved_mid
verified 259 unrelated
verified 260 recombined
verified 260 switched
verified 260 moved_mid
verified 260 unrelated
verified 261 recombined
verified 261 switched
verified 261 moved_mid
verified 261 unrelated
verified 262 recombined
verified 262 switched
verified 262 moved_mid
verified 262 unrelated
verified 263 recombined
verified 263 switched
verified 263 moved_mid
verified 263 unrelated
{
  "forecasts": 3145728,
  "gate_pass": false,
  "hygiene": {
    "admission_identity": true,
    "admission_shared_with_episode": true,
    "archive": true,
    "bounds": true,
    "distributions_positive_and_normalized": true,
    "exact_quotes": true,
    "label_confined": true,
    "laws_recomputed": true,
    "unrelated_admissions_reported": true
  },
  "maximum_numeric_error": 1.1948486644541845e-10,
  "tests": {
    "c1_law_tail": false,
    "c2_law_whole": true,
    "c3_moved": false,
    "c4_recombined": true,
    "c5_incumbent": true,
    "c6_mechanism": false,
    "c7_hygiene": true,
    "c8_reader": true
  },
  "verification_pass": true
}
