{
  "summary": {
    "means": {
      "recombined": {
        "episode": {
          "gain": 2579.673904926661,
          "tail": 1557.2472573093723,
          "candidate_gain": 2613.6137838324807
        },
        "isolated": {
          "gain": 1788.3491256424757,
          "tail": 1150.4988724422217,
          "candidate_gain": 1822.2529390362183
        },
        "frequency": {
          "gain": 1342.7785519462489,
          "tail": 898.8797023652409,
          "candidate_gain": 1372.6072716446877
        },
        "reverse": {
          "gain": 664.0428941359959,
          "tail": 447.0744498846697,
          "candidate_gain": 550.2794232002658
        },
        "permuted": {
          "gain": 0.0,
          "tail": 0.0,
          "candidate_gain": -42275.47707735133
        },
        "flat": {
          "gain": 1726.4552376441677,
          "tail": 1122.9878935010745,
          "candidate_gain": 1760.4447028498053
        },
        "row": {
          "gain": 314.0388956727117,
          "tail": 48.04296238947849,
          "candidate_gain": 347.66180144464863
        }
      },
      "unrelated": {
        "episode": {
          "gain": 0.0,
          "tail": 0.0,
          "candidate_gain": -3205.2031274264677
        },
        "isolated": {
          "gain": 0.0,
          "tail": 0.0,
          "candidate_gain": -3518.1842003890088
        },
        "frequency": {
          "gain": 0.0,
          "tail": 0.0,
          "candidate_gain": -3818.886011051899
        },
        "reverse": {
          "gain": 0.0,
          "tail": 0.0,
          "candidate_gain": -3460.506028379855
        },
        "permuted": {
          "gain": 0.0,
          "tail": 0.0,
          "candidate_gain": -24342.65788723216
        },
        "flat": {
          "gain": 0.0,
          "tail": 0.0,
          "candidate_gain": -5267.570424124788
        },
        "row": {
          "gain": 0.0,
          "tail": 0.0,
          "candidate_gain": -268.29946524699574
        }
      },
      "switched": {
        "episode": {
          "gain": 1024.6479103753297,
          "tail": 2.221262758040688,
          "candidate_gain": 3.615378489507835
        },
        "isolated": {
          "gain": 642.5954045028172,
          "tail": 4.745151302562943,
          "candidate_gain": -495.4913696569151
        },
        "frequency": {
          "gain": 457.0421587992634,
          "tail": 13.143309218257688,
          "candidate_gain": -679.1531427869397
        },
        "reverse": {
          "gain": 218.49653239818218,
          "tail": 1.5280881468559186,
          "candidate_gain": -1002.6040066914957
        },
        "permuted": {
          "gain": 0.0,
          "tail": 0.0,
          "candidate_gain": -33040.2678309243
        },
        "flat": {
          "gain": 599.8463063167898,
          "tail": -3.6210378263062104,
          "candidate_gain": -1310.5173938642959
        },
        "row": {
          "gain": 265.5466539329914,
          "tail": -0.44927935024151755,
          "candidate_gain": 212.32438899007633
        }
      }
    },
    "early_gain_bpb": 0.10273763590907105,
    "early_gains": [
      481.40354465698215,
      202.7271143325544,
      126.99262227167127,
      590.3546814626992,
      484.11617232129817,
      336.7061008025406,
      475.0526961141698,
      669.1539215065244
    ],
    "isolated_differences": {
      "recombined": {
        "gain": [
          6.879499891799696,
          924.8742117509408,
          1187.5246695152975,
          806.5942290355888,
          1251.0495232053781,
          118.01736487028347,
          1566.8096026462183,
          468.84913335797546
        ],
        "tail": [
          6.161916267377592,
          467.27943149383407,
          636.0866124602137,
          351.61058493386986,
          687.7307554391117,
          39.504200464733,
          834.0360194901426,
          231.57755838792264
        ],
        "candidate_gain": [
          6.314143270416935,
          925.2339666209087,
          1188.3667131323962,
          806.5165089196516,
          1251.499878093959,
          117.84667971413728,
          1566.594251057173,
          468.51461756145636
        ],
        "early": [
          -21.67638961695144,
          203.71462866784532,
          126.99262227167127,
          214.36648374668056,
          237.23874387450726,
          26.7962674327664,
          339.43738291653085,
          91.03161718653303
        ],
        "horizons": {
          "1024": [
            -30.71005965173541,
            -0.9807065401027992,
            1.9001393656571397,
            16.039900974774824,
            11.624996232037704,
            3.0887355944072024,
            -0.9945411044308936,
            -0.359976863921581
          ],
          "4096": [
            -21.67638961695144,
            203.71462866784532,
            126.99262227167127,
            214.36648374668056,
            237.23874387450726,
            26.7962674327664,
            339.43738291653085,
            91.03161718653303
          ],
          "8192": [
            0.7175836244196034,
            457.5947802571055,
            551.4380570550851,
            454.98364410170643,
            563.3187677662822,
            78.5131644055399,
            732.7735831560808,
            237.27157497005282
          ],
          "16384": [
            6.879499891799696,
            924.8742117509408,
            1187.5246695152975,
            806.5942290355888,
            1251.0495232053781,
            118.01736487028347,
            1566.8096026462183,
            468.84913335797546
          ]
        }
      },
      "unrelated": {
        "gain": [
          0.0,
          0.0,
          0.0,
          0.0,
          0.0,
          0.0,
          0.0,
          0.0
        ],
        "tail": [
          0.0,
          0.0,
          0.0,
          0.0,
          0.0,
          0.0,
          0.0,
          0.0
        ],
        "candidate_gain": [
          336.52367307788154,
          962.9558648628272,
          553.9989116863248,
          -375.0322065405812,
          -110.03804827832937,
          485.4518622968003,
          825.222157019165,
          -175.23363042375877
        ],
        "early": [
          0.0,
          0.0,
          0.0,
          0.0,
          0.0,
          0.0,
          0.0,
          0.0
        ],
        "horizons": {
          "1024": [
            0.0,
            0.0,
            0.0,
            0.0,
            0.0,
            0.0,
            0.0,
            0.0
          ],
          "4096": [
            0.0,
            0.0,
            0.0,
            0.0,
            0.0,
            0.0,
            0.0,
            0.0
          ],
          "8192": [
            0.0,
            0.0,
            0.0,
            0.0,
            0.0,
            0.0,
            0.0,
            0.0
          ],
          "16384": [
            0.0,
            0.0,
            0.0,
            0.0,
            0.0,
            0.0,
            0.0,
            0.0
          ]
        }
      },
      "switched": {
        "gain": [
          23.66082089024644,
          456.8468403286607,
          554.1933033617827,
          453.86380095132904,
          528.2522250525091,
          76.2470219474717,
          728.9046728631986,
          234.4513615849021
        ],
        "tail": [
          22.943237265822837,
          -0.747939928445592,
          2.7552463066982344,
          -1.1198431503768123,
          -35.0665427137743,
          -2.266142458068477,
          -3.868910292882212,
          -2.820213385151721
        ],
        "candidate_gain": [
          187.56504644339014,
          783.8659021175914,
          793.3016641066389,
          235.55297490409578,
          349.8389778276502,
          242.20626085110592,
          1066.4992269920353,
          334.02393192887536
        ],
        "early": [
          -21.67638961695144,
          203.71462866784532,
          126.99262227167127,
          214.36648374668056,
          237.23874387450726,
          26.7962674327664,
          339.43738291653085,
          91.03161718653303
        ],
        "horizons": {
          "1024": [
            -30.71005965173541,
            -0.9807065401027992,
            1.9001393656571397,
            16.039900974774824,
            11.624996232037704,
            3.0887355944072024,
            -0.9945411044308936,
            -0.359976863921581
          ],
          "4096": [
            -21.67638961695144,
            203.71462866784532,
            126.99262227167127,
            214.36648374668056,
            237.23874387450726,
            26.7962674327664,
            339.43738291653085,
            91.03161718653303
          ],
          "8192": [
            0.7175836244196034,
            457.5947802571055,
            551.4380570550851,
            454.98364410170643,
            563.3187677662822,
            78.5131644055399,
            732.7735831560808,
            237.27157497005282
          ],
          "16384": [
            23.66082089024644,
            456.8468403286607,
            554.1933033617827,
            453.86380095132904,
            528.2522250525091,
            76.2470219474717,
            728.9046728631986,
            234.4513615849021
          ]
        }
      }
    },
    "early_differences": {
      "frequency": [
        292.1987507376098,
        202.7271143325544,
        127.98769991329446,
        490.56477412437556,
        336.5221977275181,
        42.88398180492305,
        328.5116120700527,
        334.30501291980835
      ],
      "row": [
        294.9157102021742,
        59.64288155177488,
        -46.168752597269716,
        386.34503911241075,
        281.31653376429455,
        144.48276087262192,
        289.1952245937105,
        450.9100480258134
      ],
      "reverse": [
        321.4379435782106,
        202.7271143325544,
        126.99262227167127,
        414.99832170557175,
        485.0400712049065,
        336.7061008025406,
        475.0526961141698,
        388.5032224644856
      ],
      "flat": [
        198.6308502687038,
        202.7271143325544,
        127.99134357463613,
        279.3761952347908,
        192.27093428694963,
        153.1004035369458,
        326.85224222734985,
        118.92491974571033
      ],
      "permuted": [
        481.40354465698215,
        202.7271143325544,
        126.99262227167127,
        590.3546814626992,
        484.11617232129817,
        336.7061008025406,
        475.0526961141698,
        669.1539215065244
      ]
    },
    "switched_differences": [
      800.2516563012807,
      301.62635123320956,
      318.2263437353529,
      1180.1732380855597,
      834.045860587918,
      619.6376507849145,
      865.0309927578592,
      1153.817958052613
    ],
    "tail_differences": [
      35.9844016145369,
      5.941226029506651,
      8.988124949187764,
      6.359186900796721,
      -10.870408181002828,
      -8.453681825690232,
      1.77945241161465,
      -18.36396503269198
    ]
  },
  "tests": {
    "early_gain": true,
    "early_positive": true,
    "full_gain": true,
    "full_positive": true,
    "switched_mean": true,
    "switched_count": true,
    "tail_tolerance": true,
    "frequency_early_mean": true,
    "frequency_early_count": true,
    "row_early_mean": true,
    "row_early_count": true,
    "reverse_early_mean": true,
    "reverse_early_count": true,
    "flat_early_mean": true,
    "flat_early_count": true,
    "permuted_early_mean": true,
    "permuted_early_count": true
  },
  "gate_pass": true
}
