evaluated 320 switched
evaluated 320 partial
evaluated 320 recombined
evaluated 320 moved_mid
evaluated 320 unrelated
evaluated 321 recombined
evaluated 321 partial
evaluated 321 switched
evaluated 321 moved_mid
evaluated 321 unrelated
evaluated 322 partial
evaluated 322 recombined
evaluated 322 switched
evaluated 322 moved_mid
evaluated 322 unrelated
evaluated 323 recombined
evaluated 323 partial
evaluated 323 switched
evaluated 323 moved_mid
evaluated 323 unrelated
evaluated 324 recombined
evaluated 324 partial
evaluated 324 switched
evaluated 324 moved_mid
evaluated 324 unrelated
evaluated 325 recombined
evaluated 325 partial
evaluated 325 switched
evaluated 325 unrelated
evaluated 325 moved_mid
evaluated 326 recombined
evaluated 326 partial
evaluated 326 switched
evaluated 326 moved_mid
evaluated 326 unrelated
evaluated 327 recombined
evaluated 327 partial
evaluated 327 switched
evaluated 327 moved_mid
evaluated 327 unrelated
{"H1": false, "H2": false, "H3": true, "H4": false, "H5": false}
