verified 320 recombined
verified 320 partial
verified 320 switched
verified 320 moved_mid
verified 320 unrelated
verified 321 recombined
verified 321 partial
verified 321 switched
verified 321 moved_mid
verified 321 unrelated
verified 322 recombined
verified 322 partial
verified 322 switched
verified 322 moved_mid
verified 322 unrelated
verified 323 recombined
verified 323 partial
verified 323 switched
verified 323 moved_mid
verified 323 unrelated
verified 324 recombined
verified 324 partial
verified 324 switched
verified 324 moved_mid
verified 324 unrelated
verified 325 recombined
verified 325 partial
verified 325 switched
verified 325 moved_mid
verified 325 unrelated
verified 326 recombined
verified 326 partial
verified 326 switched
verified 326 moved_mid
verified 326 unrelated
verified 327 recombined
verified 327 partial
verified 327 switched
verified 327 moved_mid
verified 327 unrelated
{"conditions": {"H1": false, "H2": false, "H3": true, "H4": false, "H5": true}, "forecasts_checked": 3932160, "material_pass": false, "max_error": 3.2528646443097387e-11, "verification_pass": true}
