248 recombined 4086.184616082072
248 switched 1936.7134955105623
248 moved_mid 3008.634644435122
248 unrelated 0.0
249 recombined 2078.3830499649016
249 switched 800.991456200097
249 moved_mid 805.711942348342
249 unrelated 0.0
250 recombined 2782.318935800477
250 switched 1157.7021454728924
250 moved_mid 1838.4491429593174
250 unrelated 0.0
251 recombined 3454.77304551131
251 switched 1600.1793443578244
251 moved_mid 2336.4475337650197
251 unrelated 0.0
252 recombined 4250.550970020556
252 switched 1863.744063477802
252 moved_mid 3445.0206735299885
252 unrelated 0.0
253 recombined 3334.0381939985455
253 switched 1499.4789600806755
253 moved_mid 2724.10890518646
253 unrelated 0.0
254 recombined 4086.485708239005
254 switched 1784.8838578950713
254 moved_mid 3057.0827134558513
254 unrelated 0.0
255 recombined 2384.0752765456805
255 switched 838.529251837323
255 moved_mid 1366.1511456580824
255 unrelated 0.0
{
  "bars": {
    "slow": {
      "b1_law_tail_mean": false,
      "b2_law_whole_mean": true,
      "b3_moved_tail_mean": true,
      "b4_moved_tail_wins": true,
      "b5_moved_tail_vs_slow": true,
      "b6_intact_early_retention": true,
      "b7_intact_full_retention": true,
      "b8_intact_full_positive": true
    },
    "fast": {
      "b1_law_tail_mean": true,
      "b2_law_whole_mean": true,
      "b3_moved_tail_mean": false,
      "b4_moved_tail_wins": false,
      "b5_moved_tail_vs_slow": false,
      "b6_intact_early_retention": true,
      "b7_intact_full_retention": true,
      "b8_intact_full_positive": true
    },
    "witness": {
      "b1_law_tail_mean": false,
      "b2_law_whole_mean": true,
      "b3_moved_tail_mean": true,
      "b4_moved_tail_wins": true,
      "b5_moved_tail_vs_slow": true,
      "b6_intact_early_retention": true,
      "b7_intact_full_retention": true,
      "b8_intact_full_positive": true
    },
    "latch": {
      "b1_law_tail_mean": false,
      "b2_law_whole_mean": true,
      "b3_moved_tail_mean": true,
      "b4_moved_tail_wins": true,
      "b5_moved_tail_vs_slow": true,
      "b6_intact_early_retention": true,
      "b7_intact_full_retention": true,
      "b8_intact_full_positive": true
    }
  },
  "quantities": {
    "slow": {
      "law_tail_vs_fast": [
        -4.394214178793334,
        -5.678737098092032,
        -5.745088723152541,
        -5.871962845404732,
        -5.715933250344385,
        -6.000240078285815,
        -5.838368011105663,
        -5.797155626612135
      ],
      "law_tail_mean": -5.6302124764738295,
      "law_whole_vs_fast": [
        6.716343666151033,
        5.499017499732076,
        5.3640002910281055,
        5.382784176469158,
        5.493384991690618,
        5.1681383436400665,
        5.1929076404046555,
        5.37851570448538
      ],
      "law_whole_mean": 5.524386539200137,
      "moved_tail_vs_fast": [
        5.366278181726329,
        -5.481828714081928,
        11.304314654805125,
        8.82632272684475,
        11.362896305426148,
        11.384739230074274,
        11.499499165191082,
        9.474222593964555
      ],
      "moved_tail_mean": 7.967055517993792,
      "moved_tail_wins": 7,
      "moved_tail_vs_slow": [
        0.0,
        0.0,
        0.0,
        0.0,
        0.0,
        0.0,
        0.0,
        0.0
      ],
      "moved_tail_vs_slow_mean": 0.0,
      "intact_early_retention": 1.0,
      "intact_full_retention": 1.0,
      "intact_full_gains": [
        4087.3487758239903,
        2081.026334957979,
        2783.4595070851724,
        3456.1730898254914,
        4250.714701664828,
        3334.65565655534,
        4087.1364721471805,
        2385.2422114002125
      ]
    },
    "fast": {
      "law_tail_vs_fast": [
        0.0,
        0.0,
        0.0,
        0.0,
        0.0,
        0.0,
        0.0,
        0.0
      ],
      "law_tail_mean": 0.0,
      "law_whole_vs_fast": [
        0.0,
        0.0,
        0.0,
        0.0,
        0.0,
        0.0,
        0.0,
        0.0
      ],
      "law_whole_mean": 0.0,
      "moved_tail_vs_fast": [
        0.0,
        0.0,
        0.0,
        0.0,
        0.0,
        0.0,
        0.0,
        0.0
      ],
      "moved_tail_mean": 0.0,
      "moved_tail_wins": 0,
      "moved_tail_vs_slow": [
        -5.366278181726329,
        5.481828714081928,
        -11.304314654805125,
        -8.82632272684475,
        -11.362896305426148,
        -11.384739230074274,
        -11.499499165191082,
        -9.474222593964555
      ],
      "moved_tail_vs_slow_mean": -7.967055517993792,
      "intact_early_retention": 0.9912826122896099,
      "intact_full_retention": 0.9931816477004618,
      "intact_full_gains": [
        4064.7317052948233,
        2058.487542016578,
        2760.978064337315,
        3433.553643099383,
        4228.14456956006,
        3312.103668996943,
        4064.61478988089,
        2362.6899128825025
      ]
    },
    "witness": {
      "law_tail_vs_fast": [
        -4.370924029659733,
        -5.707307454176835,
        -4.550810269104902,
        -5.488333435431061,
        -5.115907911719556,
        -4.494082423459304,
        -5.761707249231565,
        -5.523659871852489
      ],
      "law_tail_mean": -5.12659158057943,
      "law_whole_vs_fast": [
        5.936238713295097,
        4.20640195396652,
        5.796510332309936,
        4.911678901076357,
        5.9449418054223315,
        6.414822968978342,
        4.8866028614356765,
        4.751487415738325
      ],
      "law_whole_mean": 5.356085619027823,
      "moved_tail_vs_fast": [
        3.5267680035412923,
        -4.344779843442922,
        9.526855025015607,
        6.497888155761984,
        11.34485807343026,
        10.890769184635474,
        10.661415155518625,
        7.419826727741224
      ],
      "moved_tail_mean": 6.940450060275193,
      "moved_tail_wins": 7,
      "moved_tail_vs_slow": [
        -1.8395101781850371,
        1.1370488706390063,
        -1.7774596297895187,
        -2.3284345710827665,
        -0.018038231995888054,
        -0.4939700454388003,
        -0.8380840096724569,
        -2.054395866223331
      ],
      "moved_tail_vs_slow_mean": -1.026605457718599,
      "intact_early_retention": 0.9991272381306975,
      "intact_full_retention": 0.9997548450192589,
      "intact_full_gains": [
        4086.4024624223352,
        2079.1836613889786,
        2782.610322625031,
        3455.153235939548,
        4250.566233139935,
        3334.310155034793,
        4086.7340808180347,
        2384.308386005326
      ]
    },
    "latch": {
      "law_tail_vs_fast": [
        -4.3056370651821325,
        -5.73233661886411,
        -4.254823500816864,
        -5.409589719114619,
        -4.2408447324788225,
        -4.494082423458877,
        -5.661647242386648,
        -5.467747961920617
      ],
      "law_tail_mean": -4.945838658027836,
      "law_whole_vs_fast": [
        5.837794033496721,
        3.6763575812673253,
        5.845512077876492,
        4.753150488828624,
        6.804741865284086,
        6.1900388471804035,
        4.761878746479624,
        4.599265879560107
      ],
      "law_whole_mean": 5.308592439996673,
      "moved_tail_vs_fast": [
        2.9204226299311813,
        -3.679524729135128,
        8.94130626328888,
        6.01552946124616,
        11.33792029189226,
        10.670147731757652,
        10.385291450345449,
        6.958817174839282
      ],
      "moved_tail_mean": 6.6937387842707174,
      "moved_tail_wins": 7,
      "moved_tail_vs_slow": [
        -2.445855551795148,
        1.8023039849467999,
        -2.363008391516246,
        -2.8107932655985906,
        -0.024976013533887453,
        -0.7145914983166222,
        -1.1142077148456337,
        -2.5154054191252726
      ],
      "moved_tail_vs_slow_mean": -1.273316733723075,
      "intact_early_retention": 0.998870284216613,
      "intact_full_retention": 0.999661942283293,
      "intact_full_gains": [
        4086.184616082072,
        2078.3830499649016,
        2782.318935800477,
        3454.77304551131,
        4250.550970020556,
        3334.0381939985455,
        4086.485708239005,
        2384.0752765456805
      ]
    }
  },
  "validity": {
    "admission": true,
    "archive": true,
    "bounds": true,
    "normalization": true,
    "exact_quotes": true,
    "latch": true
  },
  "material_pass": false
}
