verified 248 recombined
verified 248 switched
verified 248 moved_mid
verified 248 unrelated
verified 249 recombined
verified 249 switched
verified 249 moved_mid
verified 249 unrelated
verified 250 recombined
verified 250 switched
verified 250 moved_mid
verified 250 unrelated
verified 251 recombined
verified 251 switched
verified 251 moved_mid
verified 251 unrelated
verified 252 recombined
verified 252 switched
verified 252 moved_mid
verified 252 unrelated
verified 253 recombined
verified 253 switched
verified 253 moved_mid
verified 253 unrelated
verified 254 recombined
verified 254 switched
verified 254 moved_mid
verified 254 unrelated
verified 255 recombined
verified 255 switched
verified 255 moved_mid
verified 255 unrelated
{
  "acceptance_pass": false,
  "forecasts": 2097152,
  "material_pass": false,
  "maximum_numeric_error": 1.3847056834492832e-10,
  "validity": {
    "admission": true,
    "archive": true,
    "bounds": true,
    "exact_quotes": true,
    "latch": true,
    "normalization": true
  },
  "validity_pass": true,
  "verification_pass": true
}
