224 recombined 4410.427368719414
224 switched 1877.0455045229326
224 moved_mid 2791.4706336822123
224 unrelated 0.0
225 recombined 3447.6555215890776
225 switched 1388.9623420602047
225 moved_mid 2351.240393482888
225 unrelated 0.0
226 recombined 4002.9951161437457
226 switched 1823.4588937918375
226 moved_mid 2990.423666234467
226 unrelated 0.0
227 recombined 3732.006039263693
227 switched 1729.4275245883823
227 moved_mid 2421.608709894444
227 unrelated 0.0
228 recombined 3962.1111465107006
228 switched 1781.4900031589966
228 moved_mid 2899.705713216584
228 unrelated 0.0
229 recombined 1391.286681658738
229 switched 554.3248042896843
229 moved_mid 498.35981644953165
229 unrelated 19.310095551076664
230 recombined 3108.461843513398
230 switched 1384.1430831642108
230 moved_mid 2388.663836681221
230 unrelated 0.0
231 recombined 3489.0558981439317
231 switched 1579.6063878483797
231 moved_mid 2468.64086953473
231 unrelated 0.0
{
  "quantities": {
    "law_vs_fast": [
      0.1554604553977934,
      2.0650751386654975,
      1.0771065428189974,
      -1.1032824795788012,
      -0.2875491847558749,
      -0.2425688263865311,
      0.4903231667068848,
      -2.091386489488169
    ],
    "law_vs_static": [
      1.0087399964852186,
      3.994248876346382,
      2.4848567005706546,
      0.36633331834589056,
      -0.22963780167434322,
      -1.0200295766564338,
      2.4152419566290906,
      -1.4541604093303286
    ],
    "law_whole_vs_fast": [
      -4.886144181381951,
      0.9071853004666082,
      -8.254053344031036,
      -0.5627105366436354,
      -10.54105052946602,
      -8.936839828296797,
      -1.1427990641620909,
      -1.2710663229033798
    ],
    "law_whole_vs_static": [
      -9.9201705366429,
      -4.595881269689926,
      -13.0788397142137,
      -5.24399839182297,
      -16.564413976082733,
      -16.390030186847753,
      -6.460775449441371,
      -7.407018925909824
    ],
    "moved_vs_fast": [
      -14.147246584019058,
      -3.625925311795413,
      -14.955742359191163,
      -2.8437045003987578,
      -11.816829566000251,
      0.9240036018692798,
      -6.1498572278253505,
      -4.394316424553267
    ],
    "moved_vs_slow": [
      -19.867264310539667,
      -14.984741422440038,
      -25.85787047356189,
      -14.204329340732556,
      -17.064636223439493,
      6.38805391875437,
      -11.382896859561356,
      -10.537446882382937
    ],
    "early_retention": 0.9891931470717377,
    "full_retention": 0.991284357930903,
    "recombined_full": [
      4410.427368719414,
      3447.6555215890776,
      4002.9951161437457,
      3732.006039263693,
      3962.1111465107006,
      1391.286681658738,
      3108.461843513398,
      3489.0558981439317
    ],
    "law_robust_worlds": 6,
    "static_law_vs_fast": [
      -0.8532795410874252,
      -1.9291737376808844,
      -1.4077501577516571,
      -1.4696157979246918,
      -0.05791138308153165,
      0.7774607502699027,
      -1.9249187899222058,
      -0.6372260801578404
    ],
    "static_law_robust_worlds": 4,
    "static_law_whole_vs_fast": [
      5.0340263552609485,
      5.503066570156534,
      4.8247863701826645,
      4.681287855179335,
      6.023363446616713,
      7.453190358550955,
      5.31797638527928,
      6.135952603006444
    ]
  },
  "tests": {
    "u01_law_tail": true,
    "u02_law_robust": true,
    "u03_law_whole": false,
    "u04_moved_mean": false,
    "u05_moved_wins": false,
    "u06_moved_slow": false,
    "u07_early_retention": true,
    "u08_full_retention": true,
    "u09_intact_positive": true,
    "u10_law_vs_static": false,
    "u11_whole_vs_static": false,
    "s12_admission": true,
    "s13_unrelated": false,
    "s14_archive": true,
    "s15_bounds": true,
    "s16_normalized": true,
    "s17_exact_quotes": true,
    "s18_support_cap": true
  },
  "gate_pass": false
}
