verified 224 recombined
verified 224 switched
verified 224 moved_mid
verified 224 unrelated
verified 225 recombined
verified 225 switched
verified 225 moved_mid
verified 225 unrelated
verified 226 recombined
verified 226 switched
verified 226 moved_mid
verified 226 unrelated
verified 227 recombined
verified 227 switched
verified 227 moved_mid
verified 227 unrelated
verified 228 recombined
verified 228 switched
verified 228 moved_mid
verified 228 unrelated
verified 229 recombined
verified 229 switched
verified 229 moved_mid
verified 229 unrelated
verified 230 recombined
verified 230 switched
verified 230 moved_mid
verified 230 unrelated
verified 231 recombined
verified 231 switched
verified 231 moved_mid
verified 231 unrelated
{
  "authority_forecasts": 2621440,
  "candidate_forecasts": 3670016,
  "complete_gate_pass": false,
  "gate_pass": false,
  "maximum_normalization_error": 1.3322676295501878e-14,
  "maximum_numeric_error": 1.8849277694243938e-10,
  "reader_tests": {
    "agreement_within_tolerance": true,
    "all_candidate_arms_rebuilt": true,
    "all_five_modes_replayed": true,
    "retained_digests_intact": true,
    "schema_accepted": true
  },
  "tests": {
    "s12_admission": true,
    "s13_unrelated": false,
    "s14_archive": true,
    "s15_bounds": true,
    "s16_normalized": true,
    "s17_exact_quotes": true,
    "s18_support_cap": true,
    "u01_law_tail": true,
    "u02_law_robust": true,
    "u03_law_whole": false,
    "u04_moved_mean": false,
    "u05_moved_wins": false,
    "u06_moved_slow": false,
    "u07_early_retention": true,
    "u08_full_retention": true,
    "u09_intact_positive": true,
    "u10_law_vs_static": false,
    "u11_whole_vs_static": false
  },
  "verification_pass": true
}
